// Jest Snapshot v1, https://goo.gl/fbAQLP

exports[`SideBarSample component should render correctly 1`] = `
<div>
  <div
    class="parent-div"
  >
    <h2>
      Click on hamburger menu to deploy the sideBar
    </h2>
    <img
      alt="down arrow"
      class=""
      src="down.png"
      style="width: 40px; height: 40px; filter: none;"
    />
    <button
      class="button hamburger"
      type="button"
    >
      <img
        alt="hamburger icon"
        class=""
        src="hamburger.png"
        style="width: 32px; height: 32px; filter: none;"
      />
    </button>
    <div>
      <h3>
        Props Documentation
      </h3>
      <table
        class="table"
      >
        <thead>
          <tr>
            <th
              class="header"
            >
              Prop Name
            </th>
            <th
              class="header"
            >
              Type
            </th>
            <th
              class="header"
            >
              Description
            </th>
            <th
              class="header"
            >
              Modify
            </th>
          </tr>
        </thead>
        <tbody>
          <tr>
            <td
              class="cell"
            >
              children
            </td>
            <td
              class="cell"
            >
              React.ReactNode
            </td>
            <td
              class="cell"
            >
              The content to be displayed inside the sidebar.
            </td>
            <td
              class="cell"
            />
          </tr>
          <tr>
            <td
              class="cell"
            >
              onClose
            </td>
            <td
              class="cell"
            >
              () =&gt; void
            </td>
            <td
              class="cell"
            >
              Function to be executed when the sidebar is closed, typically to hide the sidebar.
            </td>
            <td
              class="cell"
            />
          </tr>
          <tr>
            <td
              class="cell"
            >
              closeSideBar
            </td>
            <td
              class="cell"
            >
              boolean
            </td>
            <td
              class="cell"
            >
              A flag that triggers the sidebar to close. When true, the sidebar starts its closing animation and executes the onClose function.
            </td>
            <td
              class="cell"
            />
          </tr>
        </tbody>
      </table>
    </div>
  </div>
</div>
`;
